---
cli:
  bootstrap: vendor/autoload.php
schema:
  finders:
    -
      name: ComposerSchemaFinder
      args:
        - composer.json
databases:
  master:
    dsn: 'sqlite::memory:'
    query_options:
      quote_table: true
    driver: sqlite
    user: null
    password: null
    connection_options: {  }
  mysql:
    dsn: 'mysql:host=localhost;dbname=testing'
    user: root
    driver: mysql
    host: localhost
    database: testing
    password: null
    query_options: {  }
    connection_options:
      1002: 'SET NAMES utf8'
  pgsql:
    dsn: 'pgsql:host=localhost;dbname=testing'
    user: postgres
    driver: pgsql
    host: localhost
    database: testing
    password: null
    query_options: {  }
    connection_options: {  }
  shard1:
    driver: mysql
    host: localhost
    database: shard1
    connection_options:
      1002: 'SET NAMES utf8'
    dsn: 'mysql:host=localhost;dbname=shard1'
  shard2:
    driver: mysql
    host: localhost
    database: shard2
    connection_options:
      1002: 'SET NAMES utf8'
    dsn: 'mysql:host=localhost;dbname=shard2'
