---
schema:
  paths:
    - tests
data_source:
  master: master
  nodes:
    pgsql:
      dsn: 'pgsql:host=localhost;dbname=testing'
      user: postgres
      driver: pgsql
      host: localhost
      database: testing
      password: null
      query_options: {  }
      connection_options: {  }
